
> platzistore@0.1.0 lint
> next lint

